<html>
<body>
<pre>
<h1>礦ision Build Log</h1>
<h2>Tool Versions:</h2>
IDE-Version: μVision V5.28.0.0
Copyright (C) 2019 ARM Ltd and ARM Germany GmbH. All rights reserved.
License Information: hxq 黄晓庆, hxq, LIC=D0D7S-LRYRS-30ZNC-7H7YW-8UHXB-P34ET
 
Tool Versions:
Toolchain:       MDK-ARM Plus  Version: 5.28.0.0
Toolchain Path:  D:\Installation_Path\Keil\Core\ARM\ARMCC\Bin
C Compiler:      Armcc.exe V5.06 update 6 (build 750)
Assembler:       Armasm.exe V5.06 update 6 (build 750)
Linker/Locator:  ArmLink.exe V5.06 update 6 (build 750)
Library Manager: ArmAr.exe V5.06 update 6 (build 750)
Hex Converter:   FromElf.exe V5.06 update 6 (build 750)
CPU DLL:         SARMCM3.DLL V5.28.0.0
Dialog DLL:      DCM.DLL V1.17.3.0
Target DLL:      CMSIS_AGDI.dll V1.31.18.0
Dialog DLL:      TCM.DLL V1.36.2.0
 
<h2>Project:</h2>
E:\BaiduNetdiskDownload\普中-玄武F103开发板资料\4--实验程序\1--基础实验\40-FLASH字库实验\40-FLASH字库实验\Template.uvprojx
Project File Date:  06/09/2023

<h2>Output:</h2>
*** Using Compiler 'V5.06 update 6 (build 750)', folder: 'D:\Installation_Path\Keil\Core\ARM\ARMCC\Bin'
Rebuild target 'Target 1'
assembling startup_stm32f10x_hd.s...
compiling stm32f10x_it.c...
compiling stm32f10x_tim.c...
compiling stm32f10x_pwr.c...
compiling stm32f10x_exti.c...
compiling stm32f10x_bkp.c...
compiling stm32f10x_iwdg.c...
compiling stm32f10x_usart.c...
compiling stm32f10x_rcc.c...
compiling stm32f10x_wwdg.c...
compiling misc.c...
compiling stm32f10x_adc.c...
compiling stm32f10x_dac.c...
compiling stm32f10x_gpio.c...
compiling stm32f10x_dma.c...
compiling stm32f10x_rtc.c...
compiling stm32f10x_can.c...
compiling main.c...
.\Drive\lcd\st7789v.h(53): warning:  #47-D: incompatible redefinition of macro "WHITE"  (declared at line 76 of ".\Drive\tftlcd\tftlcd.h")
  #define WHITE         	 (uint16_t)0xFFFF
.\Drive\lcd\st7789v.h(54): warning:  #47-D: incompatible redefinition of macro "BLACK"  (declared at line 77 of ".\Drive\tftlcd\tftlcd.h")
  #define BLACK         	 (uint16_t)0x0000	  
.\Drive\lcd\st7789v.h(55): warning:  #47-D: incompatible redefinition of macro "BLUE"  (declared at line 78 of ".\Drive\tftlcd\tftlcd.h")
  #define BLUE           	 (uint16_t)0x001F  
.\Drive\lcd\st7789v.h(56): warning:  #47-D: incompatible redefinition of macro "BRED"  (declared at line 79 of ".\Drive\tftlcd\tftlcd.h")
  #define BRED             (uint16_t)0XF81F
.\Drive\lcd\st7789v.h(57): warning:  #47-D: incompatible redefinition of macro "GRED"  (declared at line 80 of ".\Drive\tftlcd\tftlcd.h")
  #define GRED 			       (uint16_t)0XFFE0
.\Drive\lcd\st7789v.h(58): warning:  #47-D: incompatible redefinition of macro "GBLUE"  (declared at line 81 of ".\Drive\tftlcd\tftlcd.h")
  #define GBLUE			       (uint16_t)0X07FF
.\Drive\lcd\st7789v.h(59): warning:  #47-D: incompatible redefinition of macro "RED"  (declared at line 82 of ".\Drive\tftlcd\tftlcd.h")
  #define RED           	 (uint16_t)0xF800
.\Drive\lcd\st7789v.h(60): warning:  #47-D: incompatible redefinition of macro "MAGENTA"  (declared at line 83 of ".\Drive\tftlcd\tftlcd.h")
  #define MAGENTA       	 (uint16_t)0xF81F
.\Drive\lcd\st7789v.h(61): warning:  #47-D: incompatible redefinition of macro "GREEN"  (declared at line 84 of ".\Drive\tftlcd\tftlcd.h")
  #define GREEN         	 (uint16_t)0x07E0
.\Drive\lcd\st7789v.h(62): warning:  #47-D: incompatible redefinition of macro "CYAN"  (declared at line 85 of ".\Drive\tftlcd\tftlcd.h")
  #define CYAN          	 (uint16_t)0x7FFF
.\Drive\lcd\st7789v.h(63): warning:  #47-D: incompatible redefinition of macro "YELLOW"  (declared at line 86 of ".\Drive\tftlcd\tftlcd.h")
  #define YELLOW        	 (uint16_t)0xFFE0
.\Drive\lcd\st7789v.h(64): warning:  #47-D: incompatible redefinition of macro "BROWN"  (declared at line 87 of ".\Drive\tftlcd\tftlcd.h")
  #define BROWN 			     (uint16_t)0XBC40 //棕色
.\Drive\lcd\st7789v.h(65): warning:  #47-D: incompatible redefinition of macro "BRRED"  (declared at line 88 of ".\Drive\tftlcd\tftlcd.h")
  #define BRRED 			     (uint16_t)0XFC07 //棕红色
.\Drive\lcd\st7789v.h(66): warning:  #47-D: incompatible redefinition of macro "GRAY"  (declared at line 89 of ".\Drive\tftlcd\tftlcd.h")
  #define GRAY  			     (uint16_t)0X8430 //灰色
.\Drive\lcd\st7789v.h(67): warning:  #47-D: incompatible redefinition of macro "DARKBLUE"  (declared at line 90 of ".\Drive\tftlcd\tftlcd.h")
  #define DARKBLUE      	 (uint16_t)0X01CF	//深蓝色
.\Drive\lcd\st7789v.h(68): warning:  #47-D: incompatible redefinition of macro "LIGHTBLUE"  (declared at line 91 of ".\Drive\tftlcd\tftlcd.h")
  #define LIGHTBLUE      	 (uint16_t)0X7D7C	//浅蓝色  
.\Drive\lcd\st7789v.h(69): warning:  #47-D: incompatible redefinition of macro "GRAYBLUE"  (declared at line 92 of ".\Drive\tftlcd\tftlcd.h")
  #define GRAYBLUE       	 (uint16_t)0X5458 //灰蓝色
.\Drive\lcd\st7789v.h(70): warning:  #47-D: incompatible redefinition of macro "LIGHTGREEN"  (declared at line 93 of ".\Drive\tftlcd\tftlcd.h")
  #define LIGHTGREEN     	 (uint16_t)0X841F //浅绿色
.\Drive\lcd\st7789v.h(71): warning:  #47-D: incompatible redefinition of macro "LGRAY"  (declared at line 95 of ".\Drive\tftlcd\tftlcd.h")
  #define LGRAY 			     (uint16_t)0XC618 //浅灰色(PANNEL),窗体背景色
.\Drive\lcd\st7789v.h(72): warning:  #47-D: incompatible redefinition of macro "LGRAYBLUE"  (declared at line 96 of ".\Drive\tftlcd\tftlcd.h")
  #define LGRAYBLUE        (uint16_t)0XA651 //浅灰蓝色(中间层颜色)
.\Drive\lcd\st7789v.h(73): warning:  #47-D: incompatible redefinition of macro "LBBLUE"  (declared at line 97 of ".\Drive\tftlcd\tftlcd.h")
  #define LBBLUE           (uint16_t)0X2B12 //浅棕蓝色(选择条目的反色)
User\main.c: 21 warnings, 0 errors
compiling stm32f10x_fsmc.c...
compiling stm32f10x_spi.c...
compiling core_cm3.c...
compiling stm32f10x_flash.c...
compiling stm32f10x_sdio.c...
compiling system_stm32f10x.c...
compiling led.c...
compiling key.c...
compiling flash.c...
compiling spi.c...
compiling tftlcd.c...
compiling 24cxx.c...
compiling iic.c...
compiling sd_sdio.c...
compiling ctiic.c...
compiling gt5663.c...
compiling sram.c...
compiling cst816t.c...
compiling i2c.c...
compiling touch.c...
compiling st7789v.c...
compiling system.c...
compiling SysTick.c...
compiling usart.c...
compiling time.c...
compiling malloc.c...
compiling font_show.c...
compiling diskio.c...
compiling font_update.c...
compiling fatfs_app.c...
compiling ff.c...
compiling mycc936.c...
compiling croutine.c...
compiling event_groups.c...
compiling list.c...
compiling queue.c...
compiling timers.c...
compiling heap_4.c...
compiling tasks.c...
compiling lv_disp.c...
compiling lv_event.c...
compiling port.c...
compiling lv_group.c...
compiling lv_indev_scroll.c...
compiling lv_indev.c...
compiling lv_obj_class.c...
compiling lv_port_indev_template.c...
compiling FreeRTOS_text.c...
compiling lv_port_disp_template.c...
compiling lv_obj.c...
compiling lv_obj_draw.c...
compiling lv_obj_pos.c...
compiling lv_obj_style.c...
compiling lv_obj_style_gen.c...
compiling lv_obj_scroll.c...
compiling lv_obj_tree.c...
compiling lv_refr.c...
compiling lv_draw.c...
compiling lv_theme.c...
compiling lv_draw_img.c...
compiling lv_draw_arc.c...
compiling lv_draw_rect.c...
compiling lv_draw_line.c...
compiling lv_draw_label.c...
compiling lv_draw_triangle.c...
compiling lv_draw_mask.c...
compiling lv_img_buf.c...
compiling lv_img_cache.c...
compiling lv_img_decoder.c...
compiling lv_draw_sw.c...
compiling lv_draw_sw_arc.c...
compiling lv_draw_sw_dither.c...
compiling lv_draw_sw_gradient.c...
compiling lv_draw_sw_blend.c...
compiling lv_draw_sw_letter.c...
compiling lv_draw_sw_img.c...
compiling lv_draw_sw_line.c...
compiling lv_draw_sw_polygon.c...
compiling lv_fragment.c...
compiling lv_bmp.c...
compiling lv_extra.c...
compiling lv_draw_sw_rect.c...
compiling lv_fragment_manager.c...
compiling lv_flex.c...
compiling lv_gridnav.c...
compiling lv_grid.c...
compiling lv_snapshot.c...
compiling lv_fs_fatfs.c...
compiling lv_monkey.c...
compiling lv_calendar_header_arrow.c...
compiling lv_theme_basic.c...
compiling lv_animimg.c...
compiling lv_calendar_header_dropdown.c...
compiling lv_theme_mono.c...
compiling lv_calendar.c...
compiling lv_theme_default.c...
compiling lv_keyboard.c...
compiling lv_imgbtn.c...
compiling lv_colorwheel.c...
compiling lv_list.c...
compiling lv_chart.c...
compiling lv_menu.c...
compiling lv_led.c...
compiling lv_msgbox.c...
compiling lv_spinner.c...
compiling lv_spinbox.c...
compiling lv_meter.c...
compiling lv_font.c...
compiling lv_span.c...
compiling lv_tileview.c...
compiling lv_font_fmt_txt.c...
compiling lv_win.c...
compiling lv_tabview.c...
compiling lv_font_dejavu_16_persian_hebrew.c...
compiling lv_font_loader.c...
compiling lv_font_montserrat_8.c...
compiling lv_font_montserrat_10.c...
compiling lv_font_montserrat_12.c...
compiling lv_font_montserrat_12_subpx.c...
compiling lv_font_montserrat_16.c...
compiling lv_font_montserrat_18.c...
compiling lv_font_montserrat_14.c...
compiling lv_font_montserrat_20.c...
compiling lv_font_montserrat_22.c...
compiling lv_font_montserrat_24.c...
compiling lv_font_montserrat_26.c...
compiling lv_font_montserrat_28.c...
compiling lv_font_montserrat_28_compressed.c...
compiling lv_font_montserrat_32.c...
compiling lv_font_montserrat_30.c...
compiling lv_font_montserrat_36.c...
compiling lv_font_montserrat_34.c...
compiling lv_font_montserrat_38.c...
compiling lv_font_montserrat_40.c...
compiling lv_font_montserrat_42.c...
compiling lv_font_montserrat_44.c...
compiling lv_font_montserrat_46.c...
compiling lv_font_montserrat_48.c...
compiling lv_draw_sdl.c...
compiling lv_draw_sdl_arc.c...
compiling lv_font_unscii_8.c...
compiling lv_font_simsun_16_cjk.c...
compiling lv_draw_sdl_bg.c...
compiling lv_font_unscii_16.c...
compiling lv_draw_sdl_composite.c...
compiling lv_draw_sdl_img.c...
compiling lv_draw_sdl_label.c...
compiling lv_draw_sdl_line.c...
compiling lv_draw_sdl_mask.c...
compiling lv_draw_sdl_polygon.c...
compiling lv_draw_sdl_rect.c...
compiling lv_draw_sdl_stack_blur.c...
compiling lv_draw_sdl_texture_cache.c...
compiling lv_draw_sdl_utils.c...
compiling lv_gpu_stm32_dma2d.c...
compiling lv_hal_tick.c...
compiling lv_hal_disp.c...
compiling lv_anim_timeline.c...
compiling lv_hal_indev.c...
compiling lv_anim.c...
compiling lv_area.c...
compiling lv_async.c...
compiling lv_bidi.c...
compiling lv_color.c...
compiling lv_log.c...
compiling lv_gc.c...
compiling lv_ll.c...
compiling lv_lru.c...
compiling lv_math.c...
compiling lv_fs.c...
compiling lv_mem.c...
compiling lv_templ.c...
compiling lv_style.c...
compiling lv_printf.c...
compiling lv_style_gen.c...
compiling lv_timer.c...
compiling lv_utils.c...
compiling lv_txt_ap.c...
compiling lv_tlsf.c...
compiling lv_txt.c...
compiling lv_arc.c...
compiling lv_btn.c...
compiling lv_bar.c...
compiling lv_checkbox.c...
compiling lv_btnmatrix.c...
compiling lv_canvas.c...
compiling lv_objx_templ.c...
compiling lv_dropdown.c...
compiling lv_line.c...
compiling lv_img.c...
compiling lv_roller.c...
compiling lv_label.c...
compiling lv_slider.c...
compiling lv_switch.c...
compiling text.c...
compiling lv_table.c...
compiling lv_textarea.c...
linking...
Program Size: Code=224090 RO-data=19602 RW-data=764 ZI-data=283484  
FromELF: creating hex file...
".\Obj\Template.axf" - 0 Error(s), 21 Warning(s).

<h2>Software Packages used:</h2>

Package Vendor: Keil
                http://www.keil.com/pack/Keil.STM32F1xx_DFP.1.0.5.pack
                Keil.STM32F1xx_DFP.1.0.5
                STMicroelectronics STM32F1 Series Device Support, Drivers and Examples

<h2>Collection of Component include folders:</h2>
  .\RTE\_Target_1
  D:\Installation_Path\Keil\Pack\Keil\STM32F1xx_DFP\1.0.5\Device\Include

<h2>Collection of Component Files used:</h2>
Build Time Elapsed:  00:00:12
</pre>
</body>
</html>
